2026-04-06 17:00:32 INFO  r.n.d.DemoDockerApplicationTests - Starting DemoDockerApplicationTests using Java 17.0.18 with PID 8334 (started by zhianyu in /home/zhianyu/projects/demoDocker)
2026-04-06 17:00:32 INFO  r.n.d.DemoDockerApplicationTests - No active profile set, falling back to 1 default profile: "default"
2026-04-06 17:00:36 INFO  r.n.d.DemoDockerApplicationTests - Started DemoDockerApplicationTests in 5.243 seconds (process running for 8.432)
2026-04-06 17:01:32 INFO  r.n.demoDocker.DemoDockerApplication - Starting DemoDockerApplication using Java 17.0.18 with PID 8656 (/home/zhianyu/projects/demoDocker/target/classes started by zhianyu in /home/zhianyu/projects/demoDocker)
2026-04-06 17:01:32 INFO  r.n.demoDocker.DemoDockerApplication - No active profile set, falling back to 1 default profile: "default"
2026-04-06 17:01:33 INFO  o.s.boot.tomcat.TomcatWebServer - Tomcat initialized with port 8080 (http)
2026-04-06 17:01:33 INFO  o.a.coyote.http11.Http11NioProtocol - Initializing ProtocolHandler ["http-nio-8080"]
2026-04-06 17:01:33 INFO  o.a.catalina.core.StandardService - Starting service [Tomcat]
2026-04-06 17:01:33 INFO  o.a.catalina.core.StandardEngine - Starting Servlet engine: [Apache Tomcat/11.0.18]
2026-04-06 17:01:33 INFO  o.s.b.w.c.s.WebApplicationContextInitializer - Root WebApplicationContext: initialization completed in 1286 ms
2026-04-06 17:01:34 INFO  o.a.coyote.http11.Http11NioProtocol - Starting ProtocolHandler ["http-nio-8080"]
2026-04-06 17:01:34 INFO  o.s.boot.tomcat.TomcatWebServer - Tomcat started on port 8080 (http) with context path '/'
2026-04-06 17:01:34 INFO  r.n.demoDocker.DemoDockerApplication - Started DemoDockerApplication in 2.54 seconds (process running for 2.98)
2026-04-06 17:01:55 INFO  o.a.c.c.C.[Tomcat].[localhost].[/] - Initializing Spring DispatcherServlet 'dispatcherServlet'
2026-04-06 17:01:55 INFO  o.s.web.servlet.DispatcherServlet - Initializing Servlet 'dispatcherServlet'
2026-04-06 17:01:55 INFO  o.s.web.servlet.DispatcherServlet - Completed initialization in 2 ms
2026-04-06 17:01:55 INFO  r.n.demoDocker.DemoDockerApplication - Получен GET запрос на / | instance: 1
2026-04-06 17:03:01 INFO  r.n.demoDocker.DemoDockerApplication - Получен GET запрос на / | instance: 1
2026-04-06 17:03:38 INFO  r.n.demoDocker.DemoDockerApplication - Получен GET запрос на / | instance: 1
2026-04-06 17:03:41 INFO  r.n.demoDocker.DemoDockerApplication - Получен GET запрос на / | instance: 1
2026-04-06 17:03:41 INFO  r.n.demoDocker.DemoDockerApplication - Получен GET запрос на / | instance: 1
2026-04-06 17:03:42 INFO  r.n.demoDocker.DemoDockerApplication - Получен GET запрос на / | instance: 1
2026-04-06 17:03:42 INFO  r.n.demoDocker.DemoDockerApplication - Получен GET запрос на / | instance: 1
2026-04-06 17:03:42 INFO  r.n.demoDocker.DemoDockerApplication - Получен GET запрос на / | instance: 1
2026-04-06 17:03:42 INFO  r.n.demoDocker.DemoDockerApplication - Получен GET запрос на / | instance: 1
2026-04-06 17:06:14 INFO  o.s.boot.tomcat.GracefulShutdown - Commencing graceful shutdown. Waiting for active requests to complete
2026-04-06 17:06:15 INFO  o.s.boot.tomcat.GracefulShutdown - Graceful shutdown complete
2026-04-06 18:25:22 INFO  r.n.demoDocker.DemoDockerApplication - Starting DemoDockerApplication using Java 17.0.18 with PID 19354 (/home/zhianyu/projects/demoDocker/target/classes started by zhianyu in /home/zhianyu/projects/demoDocker)
2026-04-06 18:25:22 INFO  r.n.demoDocker.DemoDockerApplication - No active profile set, falling back to 1 default profile: "default"
2026-04-06 18:25:32 INFO  o.s.boot.tomcat.TomcatWebServer - Tomcat initialized with port 8080 (http)
2026-04-06 18:25:32 INFO  o.a.coyote.http11.Http11NioProtocol - Initializing ProtocolHandler ["http-nio-8080"]
2026-04-06 18:25:32 INFO  o.a.catalina.core.StandardService - Starting service [Tomcat]
2026-04-06 18:25:32 INFO  o.a.catalina.core.StandardEngine - Starting Servlet engine: [Apache Tomcat/11.0.18]
2026-04-06 18:25:33 INFO  o.s.b.w.c.s.WebApplicationContextInitializer - Root WebApplicationContext: initialization completed in 10031 ms
2026-04-06 18:25:34 INFO  o.a.coyote.http11.Http11NioProtocol - Starting ProtocolHandler ["http-nio-8080"]
2026-04-06 18:25:34 INFO  o.s.boot.tomcat.TomcatWebServer - Tomcat started on port 8080 (http) with context path '/'
2026-04-06 18:25:34 INFO  r.n.demoDocker.DemoDockerApplication - Started DemoDockerApplication in 18.553 seconds (process running for 22.748)
2026-04-06 18:25:51 INFO  o.a.c.c.C.[Tomcat].[localhost].[/] - Initializing Spring DispatcherServlet 'dispatcherServlet'
2026-04-06 18:25:51 INFO  o.s.web.servlet.DispatcherServlet - Initializing Servlet 'dispatcherServlet'
2026-04-06 18:25:51 INFO  o.s.web.servlet.DispatcherServlet - Completed initialization in 3 ms
2026-04-06 18:25:51 INFO  r.n.demoDocker.DemoDockerApplication - Получен GET запрос на / | instance: 1
2026-04-06 18:26:29 INFO  r.n.demoDocker.DemoDockerApplication - Получен GET запрос на / | instance: 1
2026-04-06 18:26:29 INFO  r.n.demoDocker.DemoDockerApplication - Получен GET запрос на / | instance: 1
2026-04-06 18:26:49 INFO  r.n.demoDocker.DemoDockerApplication - Получен GET запрос на / | instance: 1
2026-04-06 18:31:22 INFO  r.n.demoDocker.DemoDockerApplication - Получен GET запрос на / | instance: 1
2026-04-06 18:34:19 INFO  o.s.boot.tomcat.GracefulShutdown - Commencing graceful shutdown. Waiting for active requests to complete
2026-04-06 18:34:19 INFO  o.s.boot.tomcat.GracefulShutdown - Graceful shutdown complete
2026-04-06 18:40:59 INFO  r.n.demoDocker.DemoDockerApplication - Starting DemoDockerApplication using Java 17.0.18 with PID 21169 (/home/zhianyu/projects/demoDocker/target/classes started by zhianyu in /home/zhianyu/projects/demoDocker)
2026-04-06 18:40:59 INFO  r.n.demoDocker.DemoDockerApplication - No active profile set, falling back to 1 default profile: "default"
2026-04-06 18:41:12 INFO  o.s.boot.tomcat.TomcatWebServer - Tomcat initialized with port 8080 (http)
2026-04-06 18:41:12 INFO  o.a.coyote.http11.Http11NioProtocol - Initializing ProtocolHandler ["http-nio-8080"]
2026-04-06 18:41:12 INFO  o.a.catalina.core.StandardService - Starting service [Tomcat]
2026-04-06 18:41:12 INFO  o.a.catalina.core.StandardEngine - Starting Servlet engine: [Apache Tomcat/11.0.18]
2026-04-06 18:41:12 INFO  o.s.b.w.c.s.WebApplicationContextInitializer - Root WebApplicationContext: initialization completed in 12775 ms
2026-04-06 18:41:15 INFO  o.a.coyote.http11.Http11NioProtocol - Starting ProtocolHandler ["http-nio-8080"]
2026-04-06 18:41:15 INFO  o.s.boot.tomcat.TomcatWebServer - Tomcat started on port 8080 (http) with context path '/'
2026-04-06 18:41:15 INFO  r.n.demoDocker.DemoDockerApplication - Started DemoDockerApplication in 28.403 seconds (process running for 35.428)
2026-04-06 18:42:24 INFO  o.a.c.c.C.[Tomcat].[localhost].[/] - Initializing Spring DispatcherServlet 'dispatcherServlet'
2026-04-06 18:42:24 INFO  o.s.web.servlet.DispatcherServlet - Initializing Servlet 'dispatcherServlet'
2026-04-06 18:42:24 INFO  o.s.web.servlet.DispatcherServlet - Completed initialization in 2 ms
2026-04-06 18:42:24 INFO  r.n.demoDocker.DemoDockerApplication - Получен GET запрос на / | instance: 1
2026-04-06 18:46:20 INFO  o.s.boot.tomcat.GracefulShutdown - Commencing graceful shutdown. Waiting for active requests to complete
2026-04-06 18:46:20 INFO  o.s.boot.tomcat.GracefulShutdown - Graceful shutdown complete
2026-04-06 19:10:37 INFO  r.n.demoDocker.DemoDockerApplication - Starting DemoDockerApplication using Java 17.0.18 with PID 25296 (/home/zhianyu/projects/demoDocker/target/classes started by zhianyu in /home/zhianyu/projects/demoDocker)
2026-04-06 19:10:38 INFO  r.n.demoDocker.DemoDockerApplication - No active profile set, falling back to 1 default profile: "default"
2026-04-06 19:13:33 INFO  o.s.boot.tomcat.TomcatWebServer - Tomcat initialized with port 8080 (http)
2026-04-06 19:13:37 INFO  o.s.b.w.c.s.WebApplicationContextInitializer - Root WebApplicationContext: initialization completed in 167169 ms
2026-04-06 19:14:01 INFO  o.s.boot.tomcat.TomcatWebServer - Tomcat started on port 8080 (http) with context path '/'
2026-04-06 19:14:01 INFO  r.n.demoDocker.DemoDockerApplication - Started DemoDockerApplication in 266.942 seconds (process running for 276.056)
2026-04-06 19:14:01 INFO  o.s.boot.tomcat.GracefulShutdown - Commencing graceful shutdown. Waiting for active requests to complete
2026-04-06 19:14:02 INFO  o.s.boot.tomcat.GracefulShutdown - Graceful shutdown complete
2026-04-06 19:16:37 INFO  r.n.demoDocker.DemoDockerApplication - Starting DemoDockerApplication using Java 17.0.18 with PID 26410 (/home/zhianyu/projects/demoDocker/target/classes started by zhianyu in /home/zhianyu/projects/demoDocker)
2026-04-06 19:16:38 INFO  r.n.demoDocker.DemoDockerApplication - No active profile set, falling back to 1 default profile: "default"
2026-04-06 19:17:12 INFO  o.s.boot.tomcat.TomcatWebServer - Tomcat initialized with port 8080 (http)
2026-04-06 19:17:13 INFO  o.a.coyote.http11.Http11NioProtocol - Initializing ProtocolHandler ["http-nio-8080"]
2026-04-06 19:17:13 INFO  o.a.catalina.core.StandardService - Starting service [Tomcat]
2026-04-06 19:17:13 INFO  o.a.catalina.core.StandardEngine - Starting Servlet engine: [Apache Tomcat/11.0.18]
2026-04-06 19:17:19 INFO  o.s.b.w.c.s.WebApplicationContextInitializer - Root WebApplicationContext: initialization completed in 34752 ms
2026-04-06 19:18:35 INFO  o.a.coyote.http11.Http11NioProtocol - Starting ProtocolHandler ["http-nio-8080"]
2026-04-06 19:18:37 INFO  o.s.boot.tomcat.TomcatWebServer - Tomcat started on port 8080 (http) with context path '/'
2026-04-06 19:18:37 INFO  r.n.demoDocker.DemoDockerApplication - Started DemoDockerApplication in 142.252 seconds (process running for 143.833)
2026-04-06 19:19:05 INFO  o.a.c.c.C.[Tomcat].[localhost].[/] - Initializing Spring DispatcherServlet 'dispatcherServlet'
2026-04-06 19:19:05 INFO  o.s.web.servlet.DispatcherServlet - Initializing Servlet 'dispatcherServlet'
2026-04-06 19:19:05 INFO  o.s.web.servlet.DispatcherServlet - Completed initialization in 3 ms
2026-04-06 19:19:06 INFO  r.n.demoDocker.DemoDockerApplication - Получен GET запрос на / | instance: 1
2026-04-06 19:19:10 INFO  r.n.demoDocker.DemoDockerApplication - Получен GET запрос на / | instance: 1
2026-04-06 19:20:57 INFO  r.n.demoDocker.DemoDockerApplication - Получен GET запрос на / | instance: 1
2026-04-06 19:21:39 INFO  r.n.demoDocker.DemoDockerApplication - Получен GET запрос на / | instance: 1
2026-04-06 19:21:40 INFO  r.n.demoDocker.DemoDockerApplication - Получен GET запрос на / | instance: 1
2026-04-06 19:25:27 INFO  r.n.demoDocker.DemoDockerApplication - Получен GET запрос на / | instance: 1
2026-04-06 19:25:27 INFO  r.n.demoDocker.DemoDockerApplication - Получен GET запрос на / | instance: 1
2026-04-06 19:31:03 INFO  o.s.boot.tomcat.GracefulShutdown - Commencing graceful shutdown. Waiting for active requests to complete
2026-04-06 19:31:04 INFO  o.s.boot.tomcat.GracefulShutdown - Graceful shutdown complete
2026-04-06 20:30:33 INFO  r.n.demoDocker.DemoDockerApplication - Starting DemoDockerApplication using Java 17.0.18 with PID 34937 (/home/zhianyu/projects/demoDocker/target/classes started by zhianyu in /home/zhianyu/projects/demoDocker)
2026-04-06 20:30:58 INFO  r.n.demoDocker.DemoDockerApplication - No active profile set, falling back to 1 default profile: "default"
2026-04-06 20:32:26 INFO  o.s.boot.tomcat.TomcatWebServer - Tomcat initialized with port 8080 (http)
2026-04-06 20:32:26 INFO  o.a.coyote.http11.Http11NioProtocol - Initializing ProtocolHandler ["http-nio-8080"]
2026-04-06 20:32:26 INFO  o.a.catalina.core.StandardService - Starting service [Tomcat]
2026-04-06 20:32:26 INFO  o.a.catalina.core.StandardEngine - Starting Servlet engine: [Apache Tomcat/11.0.18]
2026-04-06 20:32:27 INFO  o.s.b.w.c.s.WebApplicationContextInitializer - Root WebApplicationContext: initialization completed in 82795 ms
2026-04-06 20:32:34 INFO  o.a.coyote.http11.Http11NioProtocol - Starting ProtocolHandler ["http-nio-8080"]
2026-04-06 20:32:36 INFO  o.s.boot.tomcat.TomcatWebServer - Tomcat started on port 8080 (http) with context path '/'
2026-04-06 20:32:37 INFO  r.n.demoDocker.DemoDockerApplication - Started DemoDockerApplication in 195.346 seconds (process running for 286.506)
2026-04-06 20:36:38 INFO  o.a.c.c.C.[Tomcat].[localhost].[/] - Initializing Spring DispatcherServlet 'dispatcherServlet'
2026-04-06 20:36:38 INFO  o.s.web.servlet.DispatcherServlet - Initializing Servlet 'dispatcherServlet'
2026-04-06 20:36:38 INFO  o.s.web.servlet.DispatcherServlet - Completed initialization in 2 ms
2026-04-06 20:36:38 INFO  r.n.demoDocker.DemoDockerApplication - Получен GET запрос на / | instance: 1
2026-04-06 20:37:19 INFO  r.n.demoDocker.DemoDockerApplication - Получен GET запрос на / | instance: 1
2026-04-06 20:37:31 INFO  r.n.demoDocker.DemoDockerApplication - Получен GET запрос на / | instance: 1
2026-04-06 20:45:49 INFO  r.n.demoDocker.DemoDockerApplication - Получен GET запрос на / | instance: 1
2026-04-06 20:45:53 INFO  r.n.demoDocker.DemoDockerApplication - Получен GET запрос на / | instance: 1
2026-04-06 20:45:55 INFO  r.n.demoDocker.DemoDockerApplication - Получен GET запрос на / | instance: 1
2026-04-06 20:45:57 INFO  r.n.demoDocker.DemoDockerApplication - Получен GET запрос на / | instance: 1
2026-04-06 20:46:29 INFO  o.s.boot.tomcat.GracefulShutdown - Commencing graceful shutdown. Waiting for active requests to complete
2026-04-06 20:46:30 INFO  o.s.boot.tomcat.GracefulShutdown - Graceful shutdown complete
2026-04-06 20:49:24 INFO  r.n.demoDocker.DemoDockerApplication - Starting DemoDockerApplication using Java 17.0.18 with PID 36602 (/home/zhianyu/projects/demoDocker/target/classes started by zhianyu in /home/zhianyu/projects/demoDocker)
2026-04-06 20:49:24 INFO  r.n.demoDocker.DemoDockerApplication - No active profile set, falling back to 1 default profile: "default"
2026-04-06 20:50:01 INFO  o.s.boot.tomcat.TomcatWebServer - Tomcat initialized with port 8080 (http)
2026-04-06 20:50:02 INFO  o.a.coyote.http11.Http11NioProtocol - Initializing ProtocolHandler ["http-nio-8080"]
2026-04-06 20:50:02 INFO  o.a.catalina.core.StandardService - Starting service [Tomcat]
2026-04-06 20:50:02 INFO  o.a.catalina.core.StandardEngine - Starting Servlet engine: [Apache Tomcat/11.0.18]
2026-04-06 20:50:03 INFO  o.s.b.w.c.s.WebApplicationContextInitializer - Root WebApplicationContext: initialization completed in 37181 ms
2026-04-06 20:50:06 WARN  o.s.b.w.s.s.c.AnnotationConfigServletWebServerApplicationContext - Exception encountered during context initialization - cancelling refresh attempt: org.springframework.beans.factory.UnsatisfiedDependencyException: Error creating bean with name 'demoDockerApplication': Unsatisfied dependency expressed through field 'num': Failed to convert value of type 'java.lang.String' to required type 'int'; For input string: "${inst.num:3"
2026-04-06 20:50:06 INFO  o.a.catalina.core.StandardService - Stopping service [Tomcat]
2026-04-06 20:50:06 INFO  o.s.b.a.l.ConditionEvaluationReportLogger - 

Error starting ApplicationContext. To display the condition evaluation report re-run your application with 'debug' enabled.
2026-04-06 20:50:07 ERROR o.s.boot.SpringApplication - Application run failed
org.springframework.beans.factory.UnsatisfiedDependencyException: Error creating bean with name 'demoDockerApplication': Unsatisfied dependency expressed through field 'num': Failed to convert value of type 'java.lang.String' to required type 'int'; For input string: "${inst.num:3"
	at org.springframework.beans.factory.annotation.AutowiredAnnotationBeanPostProcessor$AutowiredFieldElement.resolveFieldValue(AutowiredAnnotationBeanPostProcessor.java:767)
	at org.springframework.beans.factory.annotation.AutowiredAnnotationBeanPostProcessor$AutowiredFieldElement.inject(AutowiredAnnotationBeanPostProcessor.java:748)
	at org.springframework.beans.factory.annotation.InjectionMetadata.inject(InjectionMetadata.java:146)
	at org.springframework.beans.factory.annotation.AutowiredAnnotationBeanPostProcessor.postProcessProperties(AutowiredAnnotationBeanPostProcessor.java:493)
	at org.springframework.beans.factory.support.AbstractAutowireCapableBeanFactory.populateBean(AbstractAutowireCapableBeanFactory.java:1446)
	at org.springframework.beans.factory.support.AbstractAutowireCapableBeanFactory.doCreateBean(AbstractAutowireCapableBeanFactory.java:602)
	at org.springframework.beans.factory.support.AbstractAutowireCapableBeanFactory.createBean(AbstractAutowireCapableBeanFactory.java:525)
	at org.springframework.beans.factory.support.AbstractBeanFactory.lambda$doGetBean$0(AbstractBeanFactory.java:333)
	at org.springframework.beans.factory.support.DefaultSingletonBeanRegistry.getSingleton(DefaultSingletonBeanRegistry.java:371)
	at org.springframework.beans.factory.support.AbstractBeanFactory.doGetBean(AbstractBeanFactory.java:331)
	at org.springframework.beans.factory.support.AbstractBeanFactory.getBean(AbstractBeanFactory.java:196)
	at org.springframework.beans.factory.support.DefaultListableBeanFactory.instantiateSingleton(DefaultListableBeanFactory.java:1218)
	at org.springframework.beans.factory.support.DefaultListableBeanFactory.preInstantiateSingleton(DefaultListableBeanFactory.java:1184)
	at org.springframework.beans.factory.support.DefaultListableBeanFactory.preInstantiateSingletons(DefaultListableBeanFactory.java:1121)
	at org.springframework.context.support.AbstractApplicationContext.finishBeanFactoryInitialization(AbstractApplicationContext.java:994)
	at org.springframework.context.support.AbstractApplicationContext.refresh(AbstractApplicationContext.java:621)
	at org.springframework.boot.web.server.servlet.context.ServletWebServerApplicationContext.refresh(ServletWebServerApplicationContext.java:143)
	at org.springframework.boot.SpringApplication.refresh(SpringApplication.java:756)
	at org.springframework.boot.SpringApplication.refreshContext(SpringApplication.java:445)
	at org.springframework.boot.SpringApplication.run(SpringApplication.java:321)
	at org.springframework.boot.SpringApplication.run(SpringApplication.java:1365)
	at org.springframework.boot.SpringApplication.run(SpringApplication.java:1354)
	at ru.netology.demoDocker.DemoDockerApplication.main(DemoDockerApplication.java:22)
Caused by: org.springframework.beans.TypeMismatchException: Failed to convert value of type 'java.lang.String' to required type 'int'; For input string: "${inst.num:3"
	at org.springframework.beans.TypeConverterSupport.convertIfNecessary(TypeConverterSupport.java:82)
	at org.springframework.beans.TypeConverterSupport.convertIfNecessary(TypeConverterSupport.java:67)
	at org.springframework.beans.factory.support.DefaultListableBeanFactory.doResolveDependency(DefaultListableBeanFactory.java:1679)
	at org.springframework.beans.factory.support.DefaultListableBeanFactory.resolveDependency(DefaultListableBeanFactory.java:1651)
	at org.springframework.beans.factory.annotation.AutowiredAnnotationBeanPostProcessor$AutowiredFieldElement.resolveFieldValue(AutowiredAnnotationBeanPostProcessor.java:764)
	... 22 common frames omitted
Caused by: java.lang.NumberFormatException: For input string: "${inst.num:3"
	at java.base/java.lang.NumberFormatException.forInputString(NumberFormatException.java:67)
	at java.base/java.lang.Integer.parseInt(Integer.java:654)
	at java.base/java.lang.Integer.valueOf(Integer.java:999)
	at org.springframework.util.NumberUtils.parseNumber(NumberUtils.java:201)
	at org.springframework.beans.propertyeditors.CustomNumberEditor.setAsText(CustomNumberEditor.java:115)
	at org.springframework.beans.TypeConverterDelegate.doConvertTextValue(TypeConverterDelegate.java:434)
	at org.springframework.beans.TypeConverterDelegate.doConvertValue(TypeConverterDelegate.java:407)
	at org.springframework.beans.TypeConverterDelegate.convertIfNecessary(TypeConverterDelegate.java:158)
	at org.springframework.beans.TypeConverterSupport.convertIfNecessary(TypeConverterSupport.java:75)
	... 26 common frames omitted
2026-04-06 20:56:30 INFO  r.n.demoDocker.DemoDockerApplication - Starting DemoDockerApplication using Java 17.0.18 with PID 37962 (/home/zhianyu/projects/demoDocker/target/classes started by zhianyu in /home/zhianyu/projects/demoDocker)
2026-04-06 20:56:30 INFO  r.n.demoDocker.DemoDockerApplication - No active profile set, falling back to 1 default profile: "default"
2026-04-06 20:56:33 INFO  o.s.boot.tomcat.TomcatWebServer - Tomcat initialized with port 8080 (http)
2026-04-06 20:56:33 INFO  o.s.b.w.c.s.WebApplicationContextInitializer - Root WebApplicationContext: initialization completed in 2003 ms
2026-04-06 20:56:34 WARN  o.s.b.w.s.s.c.AnnotationConfigServletWebServerApplicationContext - Exception encountered during context initialization - cancelling refresh attempt: org.springframework.beans.factory.UnsatisfiedDependencyException: Error creating bean with name 'demoDockerApplication': Unsatisfied dependency expressed through field 'num': Failed to convert value of type 'java.lang.String' to required type 'int'; For input string: "${inst.num:3"
2026-04-06 21:07:12 INFO  r.n.demoDocker.DemoDockerApplication - Starting DemoDockerApplication using Java 17.0.18 with PID 39024 (/home/zhianyu/projects/demoDocker/target/classes started by zhianyu in /home/zhianyu/projects/demoDocker)
2026-04-06 21:07:12 INFO  r.n.demoDocker.DemoDockerApplication - No active profile set, falling back to 1 default profile: "default"
2026-04-06 21:07:16 INFO  o.s.boot.tomcat.TomcatWebServer - Tomcat initialized with port 8080 (http)
2026-04-06 21:07:16 INFO  o.a.coyote.http11.Http11NioProtocol - Initializing ProtocolHandler ["http-nio-8080"]
2026-04-06 21:07:16 INFO  o.a.catalina.core.StandardService - Starting service [Tomcat]
2026-04-06 21:07:16 INFO  o.a.catalina.core.StandardEngine - Starting Servlet engine: [Apache Tomcat/11.0.18]
2026-04-06 21:07:16 INFO  o.s.b.w.c.s.WebApplicationContextInitializer - Root WebApplicationContext: initialization completed in 3926 ms
2026-04-06 21:07:16 WARN  o.s.b.w.s.s.c.AnnotationConfigServletWebServerApplicationContext - Exception encountered during context initialization - cancelling refresh attempt: org.springframework.beans.factory.UnsatisfiedDependencyException: Error creating bean with name 'demoDockerApplication': Unsatisfied dependency expressed through field 'num': Failed to convert value of type 'java.lang.String' to required type 'int'; For input string: "${inst.num:3"
2026-04-06 21:07:16 INFO  o.a.catalina.core.StandardService - Stopping service [Tomcat]
2026-04-06 21:07:16 INFO  o.s.b.a.l.ConditionEvaluationReportLogger - 

Error starting ApplicationContext. To display the condition evaluation report re-run your application with 'debug' enabled.
2026-04-06 21:07:16 ERROR o.s.boot.SpringApplication - Application run failed
org.springframework.beans.factory.UnsatisfiedDependencyException: Error creating bean with name 'demoDockerApplication': Unsatisfied dependency expressed through field 'num': Failed to convert value of type 'java.lang.String' to required type 'int'; For input string: "${inst.num:3"
	at org.springframework.beans.factory.annotation.AutowiredAnnotationBeanPostProcessor$AutowiredFieldElement.resolveFieldValue(AutowiredAnnotationBeanPostProcessor.java:767)
	at org.springframework.beans.factory.annotation.AutowiredAnnotationBeanPostProcessor$AutowiredFieldElement.inject(AutowiredAnnotationBeanPostProcessor.java:748)
	at org.springframework.beans.factory.annotation.InjectionMetadata.inject(InjectionMetadata.java:146)
	at org.springframework.beans.factory.annotation.AutowiredAnnotationBeanPostProcessor.postProcessProperties(AutowiredAnnotationBeanPostProcessor.java:493)
	at org.springframework.beans.factory.support.AbstractAutowireCapableBeanFactory.populateBean(AbstractAutowireCapableBeanFactory.java:1446)
	at org.springframework.beans.factory.support.AbstractAutowireCapableBeanFactory.doCreateBean(AbstractAutowireCapableBeanFactory.java:602)
	at org.springframework.beans.factory.support.AbstractAutowireCapableBeanFactory.createBean(AbstractAutowireCapableBeanFactory.java:525)
	at org.springframework.beans.factory.support.AbstractBeanFactory.lambda$doGetBean$0(AbstractBeanFactory.java:333)
	at org.springframework.beans.factory.support.DefaultSingletonBeanRegistry.getSingleton(DefaultSingletonBeanRegistry.java:371)
	at org.springframework.beans.factory.support.AbstractBeanFactory.doGetBean(AbstractBeanFactory.java:331)
	at org.springframework.beans.factory.support.AbstractBeanFactory.getBean(AbstractBeanFactory.java:196)
	at org.springframework.beans.factory.support.DefaultListableBeanFactory.instantiateSingleton(DefaultListableBeanFactory.java:1218)
	at org.springframework.beans.factory.support.DefaultListableBeanFactory.preInstantiateSingleton(DefaultListableBeanFactory.java:1184)
	at org.springframework.beans.factory.support.DefaultListableBeanFactory.preInstantiateSingletons(DefaultListableBeanFactory.java:1121)
	at org.springframework.context.support.AbstractApplicationContext.finishBeanFactoryInitialization(AbstractApplicationContext.java:994)
	at org.springframework.context.support.AbstractApplicationContext.refresh(AbstractApplicationContext.java:621)
	at org.springframework.boot.web.server.servlet.context.ServletWebServerApplicationContext.refresh(ServletWebServerApplicationContext.java:143)
	at org.springframework.boot.SpringApplication.refresh(SpringApplication.java:756)
	at org.springframework.boot.SpringApplication.refreshContext(SpringApplication.java:445)
	at org.springframework.boot.SpringApplication.run(SpringApplication.java:321)
	at org.springframework.boot.SpringApplication.run(SpringApplication.java:1365)
	at org.springframework.boot.SpringApplication.run(SpringApplication.java:1354)
	at ru.netology.demoDocker.DemoDockerApplication.main(DemoDockerApplication.java:22)
Caused by: org.springframework.beans.TypeMismatchException: Failed to convert value of type 'java.lang.String' to required type 'int'; For input string: "${inst.num:3"
	at org.springframework.beans.TypeConverterSupport.convertIfNecessary(TypeConverterSupport.java:82)
	at org.springframework.beans.TypeConverterSupport.convertIfNecessary(TypeConverterSupport.java:67)
	at org.springframework.beans.factory.support.DefaultListableBeanFactory.doResolveDependency(DefaultListableBeanFactory.java:1679)
	at org.springframework.beans.factory.support.DefaultListableBeanFactory.resolveDependency(DefaultListableBeanFactory.java:1651)
	at org.springframework.beans.factory.annotation.AutowiredAnnotationBeanPostProcessor$AutowiredFieldElement.resolveFieldValue(AutowiredAnnotationBeanPostProcessor.java:764)
	... 22 common frames omitted
Caused by: java.lang.NumberFormatException: For input string: "${inst.num:3"
	at java.base/java.lang.NumberFormatException.forInputString(NumberFormatException.java:67)
	at java.base/java.lang.Integer.parseInt(Integer.java:654)
	at java.base/java.lang.Integer.valueOf(Integer.java:999)
	at org.springframework.util.NumberUtils.parseNumber(NumberUtils.java:201)
	at org.springframework.beans.propertyeditors.CustomNumberEditor.setAsText(CustomNumberEditor.java:115)
	at org.springframework.beans.TypeConverterDelegate.doConvertTextValue(TypeConverterDelegate.java:434)
	at org.springframework.beans.TypeConverterDelegate.doConvertValue(TypeConverterDelegate.java:407)
	at org.springframework.beans.TypeConverterDelegate.convertIfNecessary(TypeConverterDelegate.java:158)
	at org.springframework.beans.TypeConverterSupport.convertIfNecessary(TypeConverterSupport.java:75)
	... 26 common frames omitted
2026-04-06 21:58:18 INFO  r.n.demoDocker.DemoDockerApplication - Starting DemoDockerApplication using Java 17.0.18 with PID 11465 (/home/zhianyu/projects/demoDocker/target/classes started by zhianyu in /home/zhianyu/projects/demoDocker)
2026-04-06 21:58:18 INFO  r.n.demoDocker.DemoDockerApplication - No active profile set, falling back to 1 default profile: "default"
2026-04-06 21:58:20 INFO  o.s.boot.tomcat.TomcatWebServer - Tomcat initialized with port 8080 (http)
2026-04-06 21:58:20 INFO  o.a.coyote.http11.Http11NioProtocol - Initializing ProtocolHandler ["http-nio-8080"]
2026-04-06 21:58:20 INFO  o.a.catalina.core.StandardService - Starting service [Tomcat]
2026-04-06 21:58:20 INFO  o.a.catalina.core.StandardEngine - Starting Servlet engine: [Apache Tomcat/11.0.18]
2026-04-06 21:58:20 INFO  o.s.b.w.c.s.WebApplicationContextInitializer - Root WebApplicationContext: initialization completed in 2496 ms
2026-04-06 21:58:21 INFO  o.a.coyote.http11.Http11NioProtocol - Starting ProtocolHandler ["http-nio-8080"]
2026-04-06 21:58:21 INFO  o.s.boot.tomcat.TomcatWebServer - Tomcat started on port 8080 (http) with context path '/'
2026-04-06 21:58:21 INFO  r.n.demoDocker.DemoDockerApplication - Started DemoDockerApplication in 5.621 seconds (process running for 9.776)
2026-04-06 21:58:53 INFO  o.a.c.c.C.[Tomcat].[localhost].[/] - Initializing Spring DispatcherServlet 'dispatcherServlet'
2026-04-06 21:58:53 INFO  o.s.web.servlet.DispatcherServlet - Initializing Servlet 'dispatcherServlet'
2026-04-06 21:58:53 INFO  o.s.web.servlet.DispatcherServlet - Completed initialization in 2 ms
2026-04-06 21:58:53 INFO  r.n.demoDocker.DemoDockerApplication - Получен GET запрос на / | instance: 3
2026-04-06 21:59:00 INFO  o.s.boot.tomcat.GracefulShutdown - Commencing graceful shutdown. Waiting for active requests to complete
2026-04-06 21:59:00 INFO  o.s.boot.tomcat.GracefulShutdown - Graceful shutdown complete
